TYPE: TSP
DIMENSION: 11
DISPLAY_DATA_TYPE: NO_DISPLAY
EDGE_WEIGHT_TYPE: EXPLICIT
EDGE_WEIGHT_FORMAT: LOWER_DIAG_ROW
EDGE_WEIGHT_SECTION
  0
  1   0
  2 102   0
  3 103 203   0
  4 104 204 304   0
  5 105 205 305 405   0
  6 106 206 306 406 506   0
  7 107 207 307 407 507 607   0
  8 108 208 308 408 508 608 708   0
  9 109 209 309 409 509 609 709 809   0
 10 110 210 310 410 510 610 710 810 910 0
EOF
